Archive member included to satisfy reference by file (symbol)

../../../../cpu/bd19/liba/cpu.a(crc16.c.o)
                              obj/Release/cpu/bd19/setup.o (symbol from plugin) (__crc16_mutex_init)
../../../../cpu/bd19/liba/cpu.a(uart.c.o)
                              obj/Release/cpu/bd19/adc_api.o (symbol from plugin) (delay)
../../../../cpu/bd19/liba/cpu.a(clock.c.o)
                              obj/Release/cpu/bd19/setup.o (symbol from plugin) (clock_dump)
../../../../cpu/bd19/liba/cpu.a(gpio.c.o)
                              obj/Release/apps/hid/board/bd19/board_ac6321a_demo.o (symbol from plugin) (usb1_iomode)
../../../../cpu/bd19/liba/cpu.a(timer.c.o)
                              obj/Release/apps/common/device/key/key_driver.o (symbol from plugin) (timer_get_ms)
../../../../cpu/bd19/liba/cpu.a(usb.c.o)
                              obj/Release/apps/common/device/usb/usb_config.o (symbol from plugin) (usb_sofie_enable)
../../../../cpu/bd19/liba/cpu.a(wdt.c.o)
                              obj/Release/cpu/bd19/audio_decode/audio_decode.o (symbol from plugin) (wdt_clear)
../../../../cpu/bd19/liba/cpu.a(efuse.c.o)
                              obj/Release/cpu/bd19/charge.o (symbol from plugin) (get_vbat_trim)
../../../../cpu/bd19/liba/cpu.a(debug.c.o)
                              obj/Release/apps/common/device/usb/device/msd_upgrade.o (symbol from plugin) (ram_protect_close)
../../../../cpu/bd19/liba/cpu.a(p33.c.o)
                              obj/Release/cpu/bd19/adc_api.o (symbol from plugin) (adc_pmu_ch_select)
../../../../cpu/bd19/liba/cpu.a(power_hw.c.o)
                              clock.c.o (symbol from plugin) (delay_p11_tmr1_lrc)
../../../../cpu/bd19/liba/cpu.a(power_wakeup.c.o)
                              power_hw.c.o (symbol from plugin) (p33_wakeup_irq_handler)
../../../../cpu/bd19/liba/cpu.a(rtc.c.o)
                              power_hw.c.o (symbol from plugin) (rtc_wakup_source)
../../../../cpu/bd19/liba/cpu.a(pmu_calibrate.c.o)
                              obj/Release/cpu/bd19/adc_api.o (symbol from plugin) (get_wvdd_trim_level)
../../../../cpu/bd19/liba/cpu.a(cap_rch.c.o)
                              power_hw.c.o (symbol from plugin) (get_rch_hz)
../../../../cpu/bd19/liba/cpu.a(otg.c.o)
                              obj/Release/apps/common/device/usb/usb_config.o (symbol from plugin) (usb_otg_suspend)
../../../../cpu/bd19/liba/cpu.a(usb_phy.c.o)
                              obj/Release/apps/common/device/usb/usb_config.o (symbol from plugin) (usb_read_sofframe)
../../../../cpu/bd19/liba/cpu.a(usb_setup.c.o)
                              obj/Release/apps/common/device/usb/usb_config.o (symbol from plugin) (usb_device2id)
../../../../cpu/bd19/liba/cpu.a(descriptor.c.o)
                              usb_setup.c.o (symbol from plugin) (get_device_descriptor)
../../../../cpu/bd19/liba/cpu.a(startup.S.o)
                              (_start)
../../../../cpu/bd19/liba/cpu.a(vm.c.o)
                              power_hw.c.o (symbol from plugin) (sfc_suspend)
../../../../cpu/bd19/liba/cpu.a(lp_timer_hw.c.o)
                              power_hw.c.o (symbol from plugin) (__lp_timer_dump)
../../../../cpu/bd19/liba/cpu.a(lrc_hw.c.o)
                              power_hw.c.o (symbol from plugin) (__get_lrc_hz)
../../../../cpu/bd19/liba/cpu.a(encryption.c.o)
                              vm.c.o (symbol from plugin) (doe)
../../../../cpu/bd19/liba/system.a(app_core.c.o)
                              obj/Release/apps/hid/app_main.o (symbol from plugin) (start_app)
../../../../cpu/bd19/liba/system.a(ASCII_lib.c.o)
                              obj/Release/cpu/bd19/tone_player.o (symbol from plugin) (ASCII_StrCmpNoCase)
../../../../cpu/bd19/liba/system.a(syscfg_api.c.o)
                              obj/Release/apps/hid/examples/keyboard/app_keyboard.o (symbol from plugin) (syscfg_read)
../../../../cpu/bd19/liba/system.a(cfg_bin.c.o)
                              syscfg_api.c.o (symbol from plugin) (syscfg_bin_enable)
../../../../cpu/bd19/liba/system.a(cfg_btif.c.o)
                              syscfg_api.c.o (symbol from plugin) (syscfg_btif_enable)
../../../../cpu/bd19/liba/system.a(memory.c.o)
                              obj/Release/cpu/bd19/audio_decode/audio_decode.o (symbol from plugin) (malloc)
../../../../cpu/bd19/liba/system.a(port_overwrite.c.o)
                              ../../../../cpu/bd19/liba/cpu.a(startup.S.o) (maskrom_init)
../../../../cpu/bd19/liba/system.a(heap_mmu.c.o)
                              memory.c.o (symbol from plugin) (pvPortMalloc)
../../../../cpu/bd19/liba/system.a(port_asm_mmu.S.o)
                              port_overwrite.c.o (symbol from plugin) (__tick_irq_handler)
../../../../cpu/bd19/liba/system.a(hwi.c.o)
                              obj/Release/cpu/bd19/adc_api.o (symbol from plugin) (request_irq)
../../../../cpu/bd19/liba/system.a(sbrk.c.o)
[...]
Memory Configuration

Name             Origin             Length             Attributes
code0            0x01e00120         0x00100000         xr
ram0             0x00000000         0x0000fb60         xrw
*default*        0x00000000         0xffffffff

Linker script and memory map

LOAD obj/Release/cpu/bd19/adc_api.o
LOAD ..\..\..\..\cpu\bd19\tools\sdk.elf.o
LOAD obj/Release/cpu/bd19/audio_codec_clock.o
LOAD obj/Release/cpu/bd19/audio_decode/audio_decode.o
LOAD obj/Release/cpu/bd19/audio_encode/audio_encode.o
LOAD obj/Release/cpu/bd19/audio_pwm.o
LOAD obj/Release/cpu/bd19/audio_resample_demo.o
LOAD obj/Release/cpu/bd19/charge.o
LOAD obj/Release/cpu/bd19/chargestore.o
LOAD obj/Release/cpu/bd19/handshake_timer.o
LOAD obj/Release/cpu/bd19/iic_hw.o
LOAD obj/Release/cpu/bd19/iic_soft.o
LOAD obj/Release/cpu/bd19/irflt.o
LOAD obj/Release/cpu/bd19/ledc.o
LOAD obj/Release/cpu/bd19/ledc_test.o
LOAD obj/Release/cpu/bd19/mcpwm.o
LOAD obj/Release/cpu/bd19/plcnt.o
LOAD obj/Release/cpu/bd19/pwm_led.o
LOAD obj/Release/cpu/bd19/setup.o
LOAD obj/Release/cpu/bd19/spi.o
LOAD obj/Release/cpu/bd19/spi_test.o
LOAD obj/Release/cpu/bd19/tone_player.o
LOAD obj/Release/cpu/bd19/uart_dev.o
LOAD obj/Release/apps/common/audio/audio_digital_vol.o
LOAD obj/Release/apps/common/bt_common/bt_test_api.o
LOAD obj/Release/apps/common/code_switch/code_switch.o
LOAD obj/Release/apps/common/debug/debug.o
LOAD obj/Release/apps/common/device/key/adkey.o
LOAD obj/Release/apps/common/device/key/ctmu_touch_key.o
LOAD obj/Release/apps/common/device/key/iokey.o
LOAD obj/Release/apps/common/device/key/irkey.o
LOAD obj/Release/apps/common/device/key/key_driver.o
LOAD obj/Release/apps/common/device/key/matrix_keyboard.o
LOAD obj/Release/apps/common/device/key/matrix_keyboard_ex_mcu.o
LOAD obj/Release/apps/common/device/key/touch_key.o
LOAD obj/Release/apps/common/device/optical_mouse_sensor/hal3205/hal3205.o
LOAD obj/Release/apps/common/device/optical_mouse_sensor/hal3212/hal3212.o
LOAD obj/Release/apps/common/device/optical_mouse_sensor/OMSensor_manage.o
LOAD obj/Release/apps/common/device/touch_pad/SYD9557M.o
LOAD obj/Release/apps/common/device/usb/device/cdc.o
LOAD obj/Release/apps/common/device/usb/device/custom_hid.o
LOAD obj/Release/apps/common/device/usb/device/descriptor.o
LOAD obj/Release/apps/common/device/usb/device/hid.o
LOAD obj/Release/apps/common/device/usb/device/msd.o
LOAD obj/Release/apps/common/device/usb/device/msd_upgrade.o
LOAD obj/Release/apps/common/device/usb/device/task_pc.o
LOAD obj/Release/apps/common/device/usb/device/uac1.o
LOAD obj/Release/apps/common/device/usb/device/uac_stream.o
LOAD obj/Release/apps/common/device/usb/device/usb_device.o
LOAD obj/Release/apps/common/device/usb/device/user_setup.o
LOAD obj/Release/apps/common/device/usb/host/adb.o
LOAD obj/Release/apps/common/device/usb/host/aoa.o
LOAD obj/Release/apps/common/device/usb/host/audio.o
LOAD obj/Release/apps/common/device/usb/host/audio_demo.o
LOAD obj/Release/apps/common/device/usb/host/hid.o
LOAD obj/Release/apps/common/device/usb/host/usb_bulk_transfer.o
LOAD obj/Release/apps/common/device/usb/host/usb_ctrl_transfer.o
LOAD obj/Release/apps/common/device/usb/host/usb_host.o
LOAD obj/Release/apps/common/device/usb/host/usb_storage.o
LOAD obj/Release/apps/common/device/usb/usb_config.o
LOAD obj/Release/apps/common/device/usb/usb_host_config.o
LOAD obj/Release/apps/common/ex_mcu/ex_mcu_uart.o
LOAD obj/Release/apps/common/temp_trim/dtemp_pll_trim.o
LOAD obj/Release/apps/common/third_party_profile/common/custom_cfg.o
LOAD obj/Release/apps/common/third_party_profile/jieli/gatt_common/le_gatt_client.o
LOAD obj/Release/apps/common/third_party_profile/jieli/gatt_common/le_gatt_common.o
LOAD obj/Release/apps/common/third_party_profile/jieli/gatt_common/le_gatt_server.o
LOAD obj/Release/apps/common/third_party_profile/jieli/JL_rcsp/bt_trans_data/rcsp_hid_inter.o
LOAD obj/Release/apps/common/third_party_profile/jieli/JL_rcsp/rcsp_bluetooth.o
LOAD obj/Release/apps/common/third_party_profile/jieli/JL_rcsp/rcsp_updata/rcsp_ch_loader_download.o
LOAD obj/Release/apps/common/third_party_profile/jieli/JL_rcsp/rcsp_updata/rcsp_user_update.o
LOAD obj/Release/apps/common/third_party_profile/jieli/online_db/online_db_deal.o
LOAD obj/Release/apps/common/third_party_profile/jieli/online_db/spp_online_db.o
LOAD obj/Release/apps/common/update/testbox_update.o
LOAD obj/Release/apps/common/update/uart_update.o
LOAD obj/Release/apps/common/update/uart_update_master.o
LOAD obj/Release/apps/common/update/update.o
LOAD obj/Release/apps/hid/app_main.o
LOAD obj/Release/apps/hid/config/lib_btctrler_config.o
LOAD obj/Release/apps/hid/config/lib_btstack_config.o
LOAD obj/Release/apps/hid/config/lib_driver_config.o
LOAD obj/Release/apps/hid/config/lib_media_config.o
LOAD obj/Release/apps/hid/config/lib_profile_config.o
LOAD obj/Release/apps/hid/config/lib_system_config.o
LOAD obj/Release/apps/hid/config/lib_update_config.o
LOAD obj/Release/apps/hid/config/log_config.o
LOAD obj/Release/apps/hid/examples/gamebox/app_gamebox.o
LOAD obj/Release/apps/hid/examples/gamebox/gamebox.o
LOAD obj/Release/apps/hid/examples/gamebox/key_mapping.o
LOAD obj/Release/apps/hid/examples/idle/app_idle.o
LOAD obj/Release/apps/hid/examples/keyboard/app_keyboard.o
LOAD obj/Release/apps/hid/examples/keyfob/app_keyfob.o
LOAD obj/Release/apps/hid/examples/keypage/app_keypage.o
LOAD obj/Release/apps/hid/examples/mouse_dual/app_mouse_dual.o
LOAD obj/Release/apps/hid/examples/mouse_single/app_mouse.o
LOAD obj/Release/apps/hid/examples/standard_keyboard/app_standard_keyboard.o
LOAD obj/Release/apps/hid/examples/standard_keyboard/usb_hid_devices.o
LOAD obj/Release/apps/hid/examples/voice_remote_control/app_remote_control.o
LOAD obj/Release/apps/hid/modules/bt/app_comm_ble.o
LOAD obj/Release/apps/hid/modules/bt/app_comm_edr.o
LOAD obj/Release/apps/hid/modules/bt/ble_hogp.o
LOAD obj/Release/apps/hid/modules/bt/edr_hid_user.o
LOAD obj/Release/apps/hid/modules/misc.o
LOAD obj/Release/apps/hid/modules/power/app_charge.o
LOAD obj/Release/apps/hid/modules/power/app_chargestore.o
LOAD obj/Release/apps/hid/modules/power/app_handshake.o
LOAD obj/Release/apps/hid/modules/power/app_power_manage.o
LOAD obj/Release/apps/hid/modules/rtc_alarm.o
LOAD obj/Release/apps/hid/modules/user_cfg.o
LOAD obj/Release/apps/hid/src/user_main.o
LOAD obj/Release/apps/hid/src/user_uart/user_uart.o
LOAD obj/Release/apps/hid/version.o
LOAD obj/Release/apps/hid/board/bd19/board_ac6321a_demo.o
LOAD obj/Release/apps/hid/board/bd19/board_ac6321a_mouse.o
LOAD obj/Release/apps/hid/board/bd19/board_ac6321a_stand_keyboard.o
LOAD obj/Release/apps/hid/board/bd19/board_ac6323a_demo.o
LOAD obj/Release/apps/hid/board/bd19/board_ac6328a_keyfob.o
LOAD obj/Release/apps/hid/board/bd19/board_ac6328b_demo.o
LOAD obj/Release/apps/hid/board/bd19/board_ac6329b_demo.o
LOAD obj/Release/apps/hid/board/bd19/board_ac6329c_demo.o
LOAD obj/Release/apps/hid/board/bd19/board_ac6329e_demo.o
LOAD obj/Release/apps/hid/board/bd19/board_ac6329f_demo.o
LOAD obj/Release/apps/hid/board/bd19/board_ac632n_demo.o
START GROUP
LOAD ../../../../cpu/bd19/liba/cpu.a
LOAD ../../../../cpu/bd19/liba/system.a
LOAD ../../../../cpu/bd19/liba/btstack.a
LOAD ../../../../cpu/bd19/liba/btctrler.a
LOAD ../../../../cpu/bd19/liba/agreement.a
LOAD ../../../../cpu/bd19/liba/rcsp_stack.a
LOAD ../../../../cpu/bd19/liba/media.a
LOAD ../../../../cpu/bd19/liba/lc3_codec_lib.a
LOAD ../../../../cpu/bd19/liba/usbc_codec_lib.a
LOAD ../../../../cpu/bd19/liba/lib_adpcm_ima_code.a
LOAD ../../../../cpu/bd19/liba/wtgv2_dec_lib.a
LOAD ../../../../cpu/bd19/liba/wav_dec_lib.a
LOAD ../../../../cpu/bd19/liba/opus_enc_lib.a
LOAD ../../../../cpu/bd19/liba/msbc_codec_lib.a
LOAD ../../../../cpu/bd19/liba/update.a
END GROUP
                0x00106d98                _local_irq_enable = 0x106d98
                0x00106d9c                _local_irq_disable = 0x106d9c
                0x00106da0                lp_signature_set = 0x106da0
                0x00106da4                os_init = 0x106da4
                0x00106da8                os_start = 0x106da8
                0x00106dac                os_get_curr_tcb_var = 0x106dac
                0x00106db0                os_task_create_rom = 0x106db0
                0x00106db4                os_current_task_rom = 0x106db4
                0x00106db8                os_time_dly = 0x106db8
                0x00106dbc                os_time_get = 0x106dbc
                0x00106dc0                os_task_del_req = 0x106dc0
                0x00106dc4                os_task_del_res = 0x106dc4
                0x00106dc8                os_task_del = 0x106dc8
                0x00106dcc                __os_taskq_pend = 0x106dcc
                0x00106dd0                os_taskq_pend = 0x106dd0
                0x00106dd4                os_task_pend = 0x106dd4
                0x00106dd8                __os_taskq_post = 0x106dd8
                0x00106ddc                os_taskq_post = 0x106ddc
                0x00106de0                os_taskq_post_type = 0x106de0
                0x00106de4                os_taskq_flush = 0x106de4
                0x00106de8                task_queue_post_event = 0x106de8
                0x00106dec                os_taskq_post_msg = 0x106dec
                0x00106df0                os_taskq_post_event = 0x106df0
                0x00106df4                os_taskq_accept = 0x106df4
                0x00106df8                os_taskq_del = 0x106df8
                0x00106dfc                os_taskq_del_type = 0x106dfc
                0x00106e00                os_sem_create = 0x106e00
                0x00106e04                os_sem_del = 0x106e04
                0x00106e08                os_sem_pend = 0x106e08
                0x00106e0c                os_sem_post = 0x106e0c
                0x00106e10                os_sem_set = 0x106e10
                0x00106e14                os_sem_valid = 0x106e14
                0x00106e18                os_sem_query = 0x106e18
                0x00106e1c                os_mutex_create = 0x106e1c
                0x00106e20                os_mutex_del = 0x106e20
                0x00106e24                os_mutex_pend = 0x106e24
                0x00106e28                os_mutex_post = 0x106e28
                0x00106e2c                os_mutex_valid = 0x106e2c
                0x00106e30                xTaskCreate = 0x106e30
                0x00106e34                xTaskGetCurrentTaskHandle = 0x106e34
                0x00106e38                xTaskGetTickCount = 0x106e38
                0x00106e3c                xTaskGetHandle = 0x106e3c
                0x00106e40                vTaskDelete = 0x106e40
                0x00106e44                xTaskGetApplicationTaskTag = 0x106e44
                0x00106e48                vTaskSetApplicationTaskTag = 0x106e48
                0x00106e4c                xQueueGenericCreateStatic = 0x106e4c
                0x00106e50                xQueueGenericReset = 0x106e50
                0x00106e54                xQueueGenericSend = 0x106e54
                0x00106e58                xQueueGenericSendFromISR = 0x106e58
                0x00106e5c                xQueueGenericReceive = 0x106e5c
                0x00106e60                xQueueReceiveFromISR = 0x106e60
                0x00106e64                vQueueDelete = 0x106e64
                0x00106e68                uxQueueMessagesWaiting = 0x106e68
                0x00106e6c                uxQueueMessagesWaitingFromISR = 0x106e6c
                0x00106e70                uxQueueSpacesAvailable = 0x106e70
                0x00106e74                pcTaskGetName = 0x106e74
                0x00106e78                prvGetExpectedIdleTime = 0x106e78
                0x00106e7c                eTaskConfirmSleepModeStatus = 0x106e7c
                0x00106e80                vTaskStepTick = 0x106e80
                0x00106e84                pxPortInitialiseStack = 0x106e84
                0x00106e88                xPortStartScheduler = 0x106e88
                0x00106e8c                vPortEndScheduler = 0x106e8c
                0x00106e90                vPortYield = 0x106e90
                0x00106e94                vPortExitCritical = 0x106e94
                0x00106e98                OS_ClrPending = 0x106e98
                0x00106e9c                vTickISR = 0x106e9c
                0x00106ea0                pmalloc_init = 0x106ea0
                0x00106ea4                pmalloc = 0x106ea4
                0x00106ea8                pfree = 0x106ea8
                0x00106eac                pmalloc_get_unused_pages = 0x106eac
                0x00106eb0                get_physic_address = 0x106eb0
                0x00106eb4                pmm_get_var = 0x106eb4
                0x00106eb8                vmm_init_ = 0x106eb8
                0x00106ebc                vmalloc_ = 0x106ebc
                0x00106ec0                vfree_ = 0x106ec0
                0x00106ec4                vmem_get_phy_adr = 0x106ec4
                0x00106ec8                vmem_start = 0x106ec8
                0x00106ecc                vmem_end = 0x106ecc
                0x00106ed0                vmm_get_var = 0x106ed0
                0x00106ed4                vmalloc_v2 = 0x106ed4
                0x00106ed8                vfree_v2 = 0x106ed8
                0x00106edc                vcopy_ = 0x106edc
                0x00106ee0                memmem = 0x106ee0
                0x00106ee4                memcpy = 0x106ee4
                0x00106ee8                memmove = 0x106ee8
                0x00106eec                memcmp = 0x106eec
                0x00106ef0                memset = 0x106ef0
                0x00106ef4                strcmp = 0x106ef4
                0x00106ef8                strcpy = 0x106ef8
                0x00106efc                strlen = 0x106efc
                0x00106f00                strncmp = 0x106f00
                0x00106f04                strstr = 0x106f04
                0x00106f08                strchr = 0x106f08
                0x00106f0c                IcuInitial = 0x106f0c
                0x00106f10                DcuInitial = 0x106f10
                0x00106f14                IcuCmdKst = 0x106f14
                0x00106f18                DcuCmdKst = 0x106f18
                0x00106f1c                IcuCmdSend = 0x106f1c
                0x00106f20                DcuCmdSend = 0x106f20
                0x00106f28                sfc_resume = 0x106f28
                0x00106f2c                sfc_drop_cache = 0x106f2c
                0x00106f30                chip_crc16 = 0x106f30
                0x00106f34                CrcDecode = 0x106f34
                0x00106f38                mask_init = 0x106f38
                0x00106f3c                wdt_clr = 0x106f3c
                0x00106f40                nvram_set_boot_state = 0x106f40
                0x00106f44                chip_reset = 0x106f44
                0x00106f48                the_debug_isr = 0x106f48
                0x00106f4c                doe = 0x106f4c
                0x00106f50                _pll_init = 0x106f50
                0x00106f54                flash_poweron = 0x106f54
                0x00106f58                spi_unmount = 0x106f58
                0x00106f5c                spi_port_io_init = 0x106f5c
                0x00106f60                LZ4_setStreamDecode = 0x106f60
                0x00106f64                LZ4_decompress_safe_continue = 0x106f64
                0x00106f68                LZ4_decompress_safe_usingDict = 0x106f68
                0x00106f6c                _sdk_mkey_lock = 0x106f6c
                0x00106f70                g_hash_function = 0x106f70
                0x00106f74                f1_hash_function = 0x106f74
                0x00106f78                f2_hash_function = 0x106f78
                0x00106f7c                f3_hash_function = 0x106f7c
                0x00106f80                h2_hash_function = 0x106f80
                0x00106f84                h3_hash_function = 0x106f84
                0x00106f88                h4_hash_function = 0x106f88
                0x00106f8c                h5_hash_function = 0x106f8c
                0x00106f90                g_function = 0x106f90
                0x00106f94                f1_function = 0x106f94
                0x00106f98                f2_function = 0x106f98
                0x00106f9c                f3_function = 0x106f9c
                0x00106fa0                sha256Compute = 0x106fa0
                0x00106fa4                uECC_compute_public_key = 0x106fa4
                0x00106fa8                uECC_valid_public_key = 0x106fa8
                0x00106fac                uECC_make_key = 0x106fac
                0x00106fb0                uECC_shared_secret = 0x106fb0
                0x00106fb4                bi_initialize = 0x106fb4
                0x00106fb8                bi_read_from_byte = 0x106fb8
                0x00106fbc                bi_poly_mod2 = 0x106fbc
                0x00106fc0                bi_poly_mul = 0x106fc0
                0x00106fc4                trim = 0x106fc4
                0x00106fc8                bi_wirte_to_byte = 0x106fc8
                0x00106fcc                bi_free = 0x106fcc
                0x00106fd0                bi_terminate = 0x106fd0
                0x00106fd4                uECC_vli_isZero = 0x106fd4
                0x00106fd8                uECC_vli_modSquare_fast = 0x106fd8
                0x00106fdc                uECC_vli_modMult_fast = 0x106fdc
                0x00106fe0                uECC_vli_modAdd = 0x106fe0
                0x00106fe4                uECC_vli_modSub = 0x106fe4
                0x00106fe8                uECC_vli_testBit = 0x106fe8
                0x00106fec                uECC_vli_add = 0x106fec
                0x00106ff0                uECC_vli_rshift1 = 0x106ff0
                0x00106ff4                uECC_vli_set = 0x106ff4
                0x00106ff8                uECC_vli_sub = 0x106ff8
                0x00106ffc                uECC_vli_cmp_unsafe = 0x106ffc
                0x0000fc00                boot_arg_list = 0xfc00
                0x0000ff00                _IRQ_MEM_ADDR = 0xff00
                0x0000fbe0                _MASK_MEM_BEGIN = 0xfbe0
                0x00000294                _MASK_MEM_SIZE = 0x294
                0x00000080                UPDATA_SIZE = 0x80
                0x0000fb60                UPDATA_BEG = (_MASK_MEM_BEGIN - UPDATA_SIZE)
                0x0000eb60                UPDATA_BREDR_BASE_BEG = 0xeb60
                0x00000000                RAM_LIMIT_L = 0x0
                0x0000fb60                RAM_LIMIT_H = UPDATA_BEG
                0x0000fb60                PHY_RAM_SIZE = (RAM_LIMIT_H - RAM_LIMIT_L)
                0x0000ff00                ISR_BASE = _IRQ_MEM_ADDR
                0x00000294                ROM_RAM_SIZE = _MASK_MEM_SIZE
                0x0000fbe0                ROM_RAM_BEG = _MASK_MEM_BEGIN
                0x00000000                RAM0_BEG = RAM_LIMIT_L
                0x0000fb60                RAM0_END = RAM_LIMIT_H
                0x0000fb60                RAM0_SIZE = (RAM0_END - RAM0_BEG)
                0x01e00120                CODE_BEG = 0x1e00120
                0x01e00120                . = ORIGIN (code0)

.text           0x01e00120    0x20d44
                [!provide]                PROVIDE (text_rodata_begin, .)
 *(.entry_text)
 *(.startup.text)
 .startup.text  0x01e00120      0x13c ../../../../cpu/bd19/liba/cpu.a(startup.S.o)
                0x01e00120                _start
                0x01e001d0                __BT_UPDATA_JUMP
 *(.text)
 .text          0x01e0025c     0x7d58 ..\..\..\..\cpu\bd19\tools\sdk.elf.o
                0x01e02446                update_result_get
                0x01e02482                __errno
                0x01e03aa6                lib_btstack_version
                0x01e03aaa                lib_media_version
                0x01e04068                exception_analyze
 .text          0x01e07fb4       0x26 C:\JL\pi32\q32s-lib\libcompiler-rt.a(ashldi3.o)
                0x01e07fb4                __ashldi3
 .text          0x01e07fda       0x28 C:\JL\pi32\q32s-lib\libcompiler-rt.a(lshrdi3.o)
                0x01e07fda                __lshrdi3
 .text          0x01e08002      0x16a C:\JL\pi32\q32s-lib\libcompiler-rt.a(addsf3.o)
                0x01e08002                __addsf3
 .text          0x01e0816c       0x4c C:\JL\pi32\q32s-lib\libcompiler-rt.a(fixsfsi.o)
                0x01e0816c                __fixsfsi
 .text          0x01e081b8       0x30 C:\JL\pi32\q32s-lib\libcompiler-rt.a(fixunsdfsi.o)
                0x01e081b8                __fixunsdfsi
 .text          0x01e081e8       0x60 C:\JL\pi32\q32s-lib\libcompiler-rt.a(floatsisf.o)
                0x01e081e8                __floatsisf
 .text          0x01e08248       0x2c C:\JL\pi32\q32s-lib\libcompiler-rt.a(floatunsidf.o)
                0x01e08248                __floatunsidf
 .text          0x01e08274       0x54 C:\JL\pi32\q32s-lib\libcompiler-rt.a(floatunsisf.o)
                0x01e08274                __floatunsisf
 .text          0x01e082c8      0x29c C:\JL\pi32\q32s-lib\libcompiler-rt.a(muldf3.o)
                0x01e082c8                __muldf3
 .text          0x01e08564       0x36 C:\JL\pi32\q32s-lib\libcompiler-rt.a(muldi3.o)
                0x01e08564                __muldi3
 .text          0x01e0859a        0x8 C:\JL\pi32\q32s-lib\libcompiler-rt.a(subsf3.o)
                0x01e0859a                __subsf3
 .text          0x01e085a2       0x10 C:\JL\pi32\q32s-lib\libcompiler-rt.a(udivdi3.o)
                0x01e085a2                __udivdi3
 .text          0x01e085b2      0x1f8 C:\JL\pi32\q32s-lib\libcompiler-rt.a(udivmoddi4.o)
                0x01e085b2                __udivmoddi4
 .text          0x01e087aa       0x14 C:\JL\pi32\q32s-lib\libcompiler-rt.a(umoddi3.o)
                0x01e087aa                __umoddi3
                0x01e087be                btstack_code_start = .
                0x01e087c0                . = ALIGN (0x4)
 *fill*         0x01e087be        0x2 
                0x01e087c0                a2dp_source_media_codec_begin = .
 *(.a2dp_source_media_codec)
                0x01e087c0                a2dp_source_media_codec_end = .
                0x01e087c0                a2dp_sink_media_probe_begin = .
 *(.a2dp_sink_media_probe)
                0x01e087c0                a2dp_sink_media_probe_end = .
                0x01e087c0                a2dp_sink_media_codec_begin = .
 *(.a2dp_sink_media_codec)
                0x01e087c0                a2dp_sink_media_codec_end = .
                0x01e087c0                a2dp_event_handler_begin = .
 *(.a2dp_event_handler)
 .a2dp_event_handler
                0x01e087c0       0x1c ..\..\..\..\cpu\bd19\tools\sdk.elf.o
                0x01e087c0                a2dp_sink_event_handler
                0x01e087dc                a2dp_event_handler_end = .
                0x01e087dc                sdp_record_item_begin = .
 *(.sdp_record_item)
 .sdp_record_item
                0x01e087dc        0xc ..\..\..\..\cpu\bd19\tools\sdk.elf.o
                0x01e087dc                pnp_sdp_record_item
                0x01e087e8                sdp_record_item_end = .
                0x01e087e8                bt_sleep_begin = .
 *(.bt_sleep)
 .bt_sleep      0x01e087e8       0x60 ..\..\..\..\cpu\bd19\tools\sdk.elf.o
                0x01e087e8                bt_suspend_user_cmd_loop_resumeuser_cmd_loop_release
                0x01e087f4                bt_suspend_a2dp_resumea2dp_release
                0x01e08800                bt_suspend_avctp_resumeavctp_release
                0x01e0880c                bt_suspend_hfp_resumehfp_release
                0x01e08818                bt_suspend_hid_resumehid_release
                0x01e08824                bt_suspend_spp_resumespp_release
                0x01e08830                bt_suspend_iap_resumeiap_release
                0x01e0883c                bt_suspend_sdp_resumesdp_release
                0x01e08848                bt_sleep_end = .
 *(.bt_stack_const)
 .bt_stack_const
                0x01e08848       0xb2 ..\..\..\..\cpu\bd19\tools\sdk.elf.o
 *(.bt_stack_code)
 .bt_stack_code
                0x01e088fa     0x2b34 ..\..\..\..\cpu\bd19\tools\sdk.elf.o
 *(.ble_db_const)
 *(.ble_db_code)
 .ble_db_code   0x01e0b42e       0xb2 ..\..\..\..\cpu\bd19\tools\sdk.elf.o
 *(.ble_sm_const)
 .ble_sm_const  0x01e0b4e0       0x73 ..\..\..\..\cpu\bd19\tools\sdk.elf.o
 *(.ble_sm_code)
 *fill*         0x01e0b553        0x1 
 .ble_sm_code   0x01e0b554     0x21c6 ..\..\..\..\cpu\bd19\tools\sdk.elf.o
 *(.ble_att_const)
 .ble_att_const
                0x01e0d71a       0x17 ..\..\..\..\cpu\bd19\tools\sdk.elf.o
 *(.ble_att_code)
 *fill*         0x01e0d731        0x1 
 .ble_att_code  0x01e0d732      0x7e2 ..\..\..\..\cpu\bd19\tools\sdk.elf.o
 *(.ble_gatt_const)
 *(.ble_gatt_code)
                0x01e0df14                BTSTACK_LE_HOST_MESH_CODE_START = .
 *(.ble_mesh_code)
 *(.ble_mesh_tinycrypt_code)
 *(.ble_mesh_const)
 *(.ble_mesh_tinycrypt_const)
                0x00000000                BTSTACK_LE_HOST_MESH_CODE_SIZE = ABSOLUTE ((. - BTSTACK_LE_HOST_MESH_CODE_START))
                0x01e0df14                _fmna_const_begin = .
 *(.fmna_stack_const)
 *(.fmna_plaform_const)
 *(.fmna_crypto_const)
                0x01e0df14                _fmna_const_end = .
                0x01e0df14                . = ALIGN (0x4)
                0x01e0df14                _fmna_code_begin = .
 *(.fmna_stack_code)
 *(.fmna_plaform_code)
 *(.fmna_crypto_code)
                0x01e0df14                _fmna_code_end = .
                0x00000000                btstack_fmna_const_size = (_fmna_const_end - _fmna_const_begin)
                0x00000000                btstack_fmna_code_size = (_fmna_code_end - _fmna_code_begin)
                0x01e0df14                . = ALIGN (0x4)
                0x01e0df14                btstack_code_end = .
                0x01e0df14                . = ALIGN (0x4)
                0x00005756                BTSTACK_CODE_TOTAL_SIZE = (btstack_code_end - btstack_code_start)
                0x01e0df14                . = ALIGN (0x4)
                0x01e0df14                system_text_start = .
                0x01e0df14                _device_node_begin = .
                0x01e0df14                PROVIDE (device_node_begin, .)
 *(.device)
 .device        0x01e0df14        0x0 ..\..\..\..\cpu\bd19\tools\sdk.elf.o
                0x01e0df14                device_table
                0x01e0df14                _device_node_end = .
                0x01e0df14                PROVIDE (device_node_end, .)
                0x01e0df14                config_target_begin = .
                [!provide]                PROVIDE (config_target_begin, .)
 *(.config_target)
                0x01e0df14                config_target_end = .
                [!provide]                PROVIDE (config_target_end, .)
                0x01e0df14                system_code_begin = .
 *(.system.*.text)
 .system.printf.text
                0x01e0df14      0x9d6 ..\..\..\..\cpu\bd19\tools\sdk.elf.o
 .system.lbuf.text
                0x01e0e8ea      0x318 ..\..\..\..\cpu\bd19\tools\sdk.elf.o
 .system.cpu.text
                0x01e0ec02     0x122e ..\..\..\..\cpu\bd19\tools\sdk.elf.o
                0x01e0f064                vFillingTaskStack
                0x01e0f094                maskrom_init
                0x01e0fc24                breakpoint_init
 .system.cbuf.text
                0x01e0fe30      0x10e ..\..\..\..\cpu\bd19\tools\sdk.elf.o
 .system.event.text
                0x01e0ff3e      0x390 ..\..\..\..\cpu\bd19\tools\sdk.elf.o
 .system.task.text
                0x01e102ce       0x4a ..\..\..\..\cpu\bd19\tools\sdk.elf.o
 .system.fs.text
                0x01e10318      0xc38 ..\..\..\..\cpu\bd19\tools\sdk.elf.o
 .system.timer.text
                0x01e10f50      0x702 ..\..\..\..\cpu\bd19\tools\sdk.elf.o
 .system.cfg_tool.text
                0x01e11652      0x6c8 ..\..\..\..\cpu\bd19\tools\sdk.elf.o
 .system.app_core.text
                0x01e11d1a      0x26c ..\..\..\..\cpu\bd19\tools\sdk.elf.o
 .system.device.text
                0x01e11f86       0xba ..\..\..\..\cpu\bd19\tools\sdk.elf.o
 .system.ascii.text
                0x01e12040       0x36 ..\..\..\..\cpu\bd19\tools\sdk.elf.o
 .system.init.text
                0x01e12076      0x17a ..\..\..\..\cpu\bd19\tools\sdk.elf.o
                0x01e12076                boot_info_init
                0x01e120a0                main
                0x01e121f0                system_code_end = .
                0x01e121f0                . = ALIGN (0x4)
                0x000042dc                system_code_size = (system_code_end - system_code_begin)
                0x01e121f0                vfs_ops_begin = .
 *(.vfs_operations)
 .vfs_operations
                0x01e121f0       0x74 ..\..\..\..\cpu\bd19\tools\sdk.elf.o
                0x01e121f0                sdfile_vfs_ops
                0x01e12264                vfs_ops_end = .
                0x01e12264                _lib_version_begin = .
                [!provide]                PROVIDE (lib_version_begin, .)
 *(.lib_version)
 .lib_version   0x01e12264        0x4 ..\..\..\..\cpu\bd19\tools\sdk.elf.o
                0x01e12264                __version_sdfile
                0x01e12268                _lib_version_end = .
                [!provide]                PROVIDE (lib_version_end, .)
                0x01e12268                _initcall_begin = .
                0x01e12268                PROVIDE (initcall_begin, .)
 *(.initcall)
 .initcall      0x01e12268        0x8 ..\..\..\..\cpu\bd19\tools\sdk.elf.o
                0x01e12268                __initcall_trim_timer_add
                0x01e1226c                __initcall_app_update_init
                0x01e12270                _initcall_end = .
                0x01e12270                PROVIDE (initcall_end, .)
                0x01e12270                _early_initcall_begin = .
                0x01e12270                PROVIDE (early_initcall_begin, .)
 *(.early.initcall)
 .early.initcall
                0x01e12270        0x8 ..\..\..\..\cpu\bd19\tools\sdk.elf.o
                0x01e12270                __initcall_sys_event_init
                0x01e12274                __initcall_sdfile_init
                0x01e12278                _early_initcall_end = .
                0x01e12278                PROVIDE (early_initcall_end, .)
                0x01e12278                _late_initcall_begin = .
                0x01e12278                PROVIDE (late_initcall_begin, .)
 *(.late.initcall)
 .late.initcall
                0x01e12278        0x8 ..\..\..\..\cpu\bd19\tools\sdk.elf.o
                0x01e12278                __initcall_check_otp_data
                0x01e1227c                __initcall_sdk_meky_check
                0x01e12280                _late_initcall_end = .
                0x01e12280                PROVIDE (late_initcall_end, .)
                0x01e12280                _platform_initcall_begin = .
                0x01e12280                PROVIDE (platform_initcall_begin, .)
 *(.platform.initcall)
 .platform.initcall
                0x01e12280        0x4 ..\..\..\..\cpu\bd19\tools\sdk.elf.o
                0x01e12280                __initcall_syscfg_tools_init
                0x01e12284                _platform_initcall_end = .
                0x01e12284                PROVIDE (platform_initcall_end, .)
                0x01e12284                _module_initcall_begin = .
                0x01e12284                PROVIDE (module_initcall_begin, .)
 *(.module.initcall)
                0x01e12284                _module_initcall_end = .
                0x01e12284                PROVIDE (module_initcall_end, .)
                0x01e12284                _sys_event_handler_begin = .
                0x01e12284                PROVIDE (sys_event_handler_begin, .)
 *(.sys_event.4.handler)
 *(.sys_event.3.handler)
 *(.sys_event.2.handler)
 *(.sys_event.1.handler)
 *(.sys_event.0.handler)
                0x01e12284                _sys_event_handler_end = .
                0x01e12284                PROVIDE (sys_event_handler_end, .)
                0x01e12284                _syscfg_arg_begin = .
                [!provide]                PROVIDE (syscfg_arg_begin, .)
 *(.syscfg.arg)
                0x01e12284                _syscfg_arg_end = .
                [!provide]                PROVIDE (syscfg_arg_end, .)
                0x01e12284                _syscfg_handler_begin = .
                [!provide]                PROVIDE (syscfg_handler_begin, .)
 *(.syscfg.handler)
                0x01e12284                _syscfg_handler_end = .
                [!provide]                PROVIDE (syscfg_handler_end, .)
                0x01e12284                _syscfg_ops_begin = .
                0x01e12284                PROVIDE (syscfg_ops_begin, .)
 *(.syscfg.2.ops)
 .syscfg.2.ops  0x01e12284       0x1c ..\..\..\..\cpu\bd19\tools\sdk.elf.o
                0x01e12284                cfg_btif
 *(.syscfg.1.ops)
 .syscfg.1.ops  0x01e122a0       0x1c ..\..\..\..\cpu\bd19\tools\sdk.elf.o
                0x01e122a0                cfg_vm
 *(.syscfg.0.ops)
 .syscfg.0.ops  0x01e122bc       0x1c ..\..\..\..\cpu\bd19\tools\sdk.elf.o
                0x01e122bc                cfg_bin
                0x01e122d8                _syscfg_ops_end = .
                0x01e122d8                PROVIDE (syscfg_ops_end, .)
                0x01e122d8                _server_info_begin = .
                [!provide]                PROVIDE (server_info_begin, .)
 *(.server_info)
                0x01e122d8                _server_info_end = .
                [!provide]                PROVIDE (server_info_end, .)
                0x01e122d8                _bus_device_begin = .
                [!provide]                PROVIDE (bus_device_begin, .)
 *(.bus_device)
                0x01e122d8                _bus_device_end = .
                [!provide]                PROVIDE (bus_device_end, .)
                0x01e122d8                _sys_power_hal_ops_begin = .
                [!provide]                PROVIDE (sys_power_hal_ops_begin, .)
 *(.sys_power_hal_ops)
                0x01e122d8                _sys_power_hal_ops_end = .
                [!provide]                PROVIDE (sys_power_hal_ops_end, .)
                0x01e122d8                . = ALIGN (0x4)
                0x01e122d8                lp_target_begin = .
                [!provide]                PROVIDE (lp_target_begin, .)
 *(.lp_target)
 .lp_target     0x01e122d8       0xa8 ..\..\..\..\cpu\bd19\tools\sdk.elf.o
                0x01e122d8                pwm_demo_lp_target
                0x01e122e4                audio_tone_lp_target
                0x01e122f0                tone_dec_lp_target
                0x01e122fc                bt_test_lp_target
                0x01e12308                key_lp_target
                0x01e12314                plll_trim_lp_target
                0x01e12320                ota_lp_target
                0x01e1232c                app_hidkey_lp_target
                0x01e12338                le_hogp_target
                0x01e12344                __wakeup_is_idle_target
                0x01e12350                usb_dev_lp_target
                0x01e1235c                usr_systimer_lp_target
                0x01e12368                btstack_lowpower_target
                0x01e12374                ble_slave_multlp_target
                0x01e12380                lp_target_end = .
                [!provide]                PROVIDE (lp_target_end, .)
                0x01e12380                . = ALIGN (0x4)
                0x01e12380                deepsleep_target_begin = .
                [!provide]                PROVIDE (deepsleep_target_begin, .)
 *(.deepsleep_target)
 .deepsleep_target
                0x01e12380       0x48 ..\..\..\..\cpu\bd19\tools\sdk.elf.o
                0x01e12380                uart
                0x01e1238c                clock_sfc
                0x01e12398                tmr
                0x01e123a4                vm_sfc
                0x01e123b0                os
                0x01e123bc                bt
                0x01e123c8                deepsleep_target_end = .
                [!provide]                PROVIDE (deepsleep_target_end, .)
                0x01e123c8                crypto_begin = .
 *(.crypto_ecdh_code)
 *(.crypto_ecdh_const)
 *(.crypto_bigint_code)
 *(.crypto_bigint_const)
 *(.crypto_code)
 *(.crypto_const)
 *(.ECDH_sample_code)
 *(.ECDH_sample_const)
 *(.uECC_code)
 *(.uECC_const)
 *(.hmac_code)
 *(.hmac_const)
 *(.hash_sample_code)
 *(.hash_sample_const)
 *(.aes_cmac_sample_code)
 *(.aes_cmac_sample_const)
                0x01e123c8                crypto_end = .
                0x00000000                crypto_size = (. - crypto_begin)
 *(.mem_code)
 *(.mem_const)
 *(.os_port_code)
 *(.os_port_const)
 *(.math_fast_funtion_code)
                0x01e123c8                __movable_function_start = .
 *(movable.text.*)
 *(movable.stub.*)
 *(movable.region.*)
                0x01e123c8                __movable_function_end = .
                0x00000000                __movable_function_size = (__movable_function_end - __movable_function_start)
                0x01e123c8                system_text_end = .
                0x000044b4                system_code_total_size = (system_text_end - system_text_start)
                0x01e123c8                . = ALIGN (0x4)
                0x01e123c8                update_target_begin = .
                [!provide]                PROVIDE (update_target_begin, .)
 *(.update_target)
 .update_target
                0x01e123c8        0x8 ..\..\..\..\cpu\bd19\tools\sdk.elf.o
                0x01e123c8                ble_update_target
                0x01e123d0                update_target_end = .
                [!provide]                PROVIDE (update_target_end, .)
                0x01e123d0                . = ALIGN (0x4)
 *(.LOG_TAG_CONST*)
 *(.rodata*)
 .rodata.str1.1
                0x01e123d0     0x2d5a ..\..\..\..\cpu\bd19\tools\sdk.elf.o
                               0x2dd0 (size before relaxing)
 .rodata.cst4   0x01e1512a        0xc ..\..\..\..\cpu\bd19\tools\sdk.elf.o
 *fill*         0x01e15136        0xa 
 .rodata        0x01e15140      0xab4 ..\..\..\..\cpu\bd19\tools\sdk.elf.o
 .rodata.cst16  0x01e15bf4       0x50 ..\..\..\..\cpu\bd19\tools\sdk.elf.o
 .rodata.cst32  0x01e15c44       0x20 ..\..\..\..\cpu\bd19\tools\sdk.elf.o
 *fill*         0x01e15c64        0xc 
 .rodata.str1.16
                0x01e15c70      0x2d0 ..\..\..\..\cpu\bd19\tools\sdk.elf.o
                                0x2ca (size before relaxing)
 *(.fat_data_code_ex)
                0x01e15f40                . = ALIGN (0x4)
                [!provide]                PROVIDE (text_rodata_end, .)
                0x01e15f40                clock_critical_handler_begin = .
 *(.clock_critical_txt)
 .clock_critical_txt
                0x01e15f40       0x28 ..\..\..\..\cpu\bd19\tools\sdk.elf.o
                0x01e15f40                clock_mcpwm
                0x01e15f48                clock_uart
                0x01e15f50                clock_timer
                0x01e15f58                clock_lrc
                0x01e15f60                clock_port
                0x01e15f68                clock_critical_handler_end = .
                0x01e15f68                chargestore_handler_begin = .
 *(.chargestore_callback_txt)
                0x01e15f68                chargestore_handler_end = .
                0x01e15f68                gsensor_dev_begin = .
 *(.gsensor_dev)
                0x01e15f68                gsensor_dev_end = .
                0x01e15f68                . = ALIGN (0x4)
                0x01e15f68                OMSensor_dev_begin = .
 *(.omsensor_dev)
                0x01e15f68                OMSensor_dev_end = .
                0x01e15f68                . = ALIGN (0x4)
                0x01e15f68                _bt_mesh_scene_entry_sig_list_start = .
 *(.bt_mesh_scene_entry_sig)
                0x01e15f68                _bt_mesh_scene_entry_sig_list_end = .
                0x01e15f68                . = ALIGN (0x4)
                0x01e15f68                _bt_mesh_scene_entry_vnd_list_start = .
 *(.bt_mesh_scene_entry_vnd)
                0x01e15f68                _bt_mesh_scene_entry_vnd_list_end = .
                0x01e15f68                storage_device_begin = .
 *(.storage_device)
                0x01e15f68                storage_device_end = .
 *(.opcore_table_maskrom)
 *(.bfilt_table_maskroom)
 *(.opcore_maskrom)
 *(.bfilt_code)
 *(.bfilt_const)
                0x01e15f68                . = ALIGN (0x4)
 *(.audio_decoder_code)
 *(.audio_decoder_const)
 *(.audio_encoder_code)
 *(.audio_encoder_const)
 *(.audio_codec_code)
                0x01e15f68                . = ALIGN (0x4)
 *(.media.audio_decoder.text)
 *(.media.audio_encoder.text)
                0x01e15f68                . = ALIGN (0x4)
 *(.usbc_encoder_code)
 *(.usbc_decoder_code)
 *(.resample_fastcal_const)
 *(.resample_fastcal_code)
 *(.resample_fastcal_sparse_code)
 *(.adpcm_encode_sparse_code)
 *(.adpcm_encode_code)
 *(.adpcm_encode_const)
 *(.pcm_code)
                0x01e15f68                . = ALIGN (0x4)
 *(.wav_code)
 *(.wav_const)
 *(.wav_dec_sparse_code)
 *(.wav_dec_const)
 *(.wav_dec_code)
 *(.wtgv2_code)
 *(.wtgv2_const)
 *(.wtgv2dec_code)
 *(.wtgv2dec_const)
 *(.wtgv2dec_str)
 *(.wtg_decv2_sparse_code)
 *(.lc3_decoder_code)
 *(.msbc_codec_const)
 *(.msbc_codec_code)
 *(.msbc_const)
 *(.msbc_code)
 *(.audio_pwm_code)
 *(.opus_code)
 *(.opus_encoder_code)
 *(.opus_encoder_const)
 *(.opus_enc_const)
 *(.opus_enc_code)
                0x01e15f68                . = ALIGN (0x4)
                0x01e15f68                _audio_decoder_begin = .
                0x01e15f68                PROVIDE (audio_decoder_begin, .)
 *(.audio_decoder)
                0x01e15f68                _audio_decoder_end = .
                0x01e15f68                PROVIDE (audio_decoder_end, .)
                0x01e15f68                _audio_encoder_begin = .
                [!provide]                PROVIDE (audio_encoder_begin, .)
 *(.audio_encoder)
                0x01e15f68                _audio_encoder_end = .
                [!provide]                PROVIDE (audio_encoder_end, .)
                0x01e15f68                . = ALIGN (0x4)
                0x01e15f68                __VERSION_BEGIN = .
 *(.sys.version)
 .sys.version   0x01e15f68       0x22 ../../../../cpu/bd19/liba/btctrler.a(version.z.o)
                0x01e15f68                lib_btctler_version
 .sys.version   0x01e15f8a       0x1e ../../../../cpu/bd19/liba/update.a(version.z.o)
                0x01e15f8a                lib_update_version
                0x01e15fa8                __VERSION_END = .
 *(.noop_version)
                0x01e15fc0                . = ALIGN (0x20)
 *fill*         0x01e15fa8       0x18 
                0x01e15fc0                m_code_addr = .
 *(.m.code*)
 *(.movable.code*)
                0x00000000                m_code_size = ABSOLUTE ((. - m_code_addr))
                0x01e15fc0                . = ALIGN (0x20)
                0x01e15fc0                btctler_code_start = .
                0x01e15fc0                BTCTLER_CONTROLLER_CODE_START = .
 *(.bt_rf_const)
 .bt_rf_const   0x01e15fc0      0x3f8 ..\..\..\..\cpu\bd19\tools\sdk.elf.o
 *(.bt_rf_code)
 .bt_rf_code    0x01e163b8     0x23ea ..\..\..\..\cpu\bd19\tools\sdk.elf.o
 *(.vendor_manager_const)
 *(.vendor_manager_code)
 *(.device_manager_const)
 *(.device_manager_code)
 *(.hci_controller_const)
 *fill*         0x01e187a2        0x2 
 .hci_controller_const
                0x01e187a4       0x28 ..\..\..\..\cpu\bd19\tools\sdk.elf.o
 *(.hci_controller_code)
 .hci_controller_code
                0x01e187cc      0x37a ..\..\..\..\cpu\bd19\tools\sdk.elf.o
 *(.hci_interface_const)
 *(.hci_interface_code)
                0x00002b86                BTCTLER_CONTROLLER_CODE_SIZE = ABSOLUTE ((. - BTCTLER_CONTROLLER_CODE_START))
                0x01e18b46                BTCTLER_LE_CONTROLLER_CODE_START = .
 *(.ble_rf_const)
 *fill*         0x01e18b46        0x2 
 .ble_rf_const  0x01e18b48       0x18 ..\..\..\..\cpu\bd19\tools\sdk.elf.o
 *(.ble_rf_code)
 .ble_rf_code   0x01e18b60     0x2c68 ..\..\..\..\cpu\bd19\tools\sdk.elf.o
 *(.ble_ll_const)
 .ble_ll_const  0x01e1b7c8       0x90 ..\..\..\..\cpu\bd19\tools\sdk.elf.o
 *(.ble_ll_code)
 .ble_ll_code   0x01e1b858     0x20e0 ..\..\..\..\cpu\bd19\tools\sdk.elf.o
 *(.ble_hci_const)
 .ble_hci_const
                0x01e1d938       0x19 ..\..\..\..\cpu\bd19\tools\sdk.elf.o
 *(.ble_hci_code)
 *fill*         0x01e1d951        0x1 
 .ble_hci_code  0x01e1d952      0x89a ..\..\..\..\cpu\bd19\tools\sdk.elf.o
 *(.classic_hci_const)
 *(.classic_hci_code)
                0x000056a6                BTCTLER_LE_CONTROLLER_CODE_SIZE = ABSOLUTE ((. - BTCTLER_LE_CONTROLLER_CODE_START))
                0x01e1e1ec                BTCTLER_CL_CODE_START = .
 *(.bredr_irq)
 *(.bredr_irq_code)
 *(.bredr_irq_const)
 *(.classic_lmp_const)
 *(.classic_lmp_auth_const)
 *(.classic_lmp_bigint_const)
 *(.classic_lmp_crypt_const)
 *(.classic_lmp_ecdh_const)
 *(.classic_lmp_hmac_const)
 *(.classic_lmp_code)
 .classic_lmp_code
                0x01e1e1ec       0xc6 ..\..\..\..\cpu\bd19\tools\sdk.elf.o
 *(.classic_lmp_auth_code)
 *(.classic_lmp_bigint_code)
 *(.classic_lmp_crypt_code)
 *(.classic_lmp_ecdh_code)
 *(.classic_lmp_hmac_code)
 *(.classic_rf_const)
 *(.classic_rf_code)
 .classic_rf_code
                0x01e1e2b2      0x124 ..\..\..\..\cpu\bd19\tools\sdk.elf.o
 *(.classic_bb_const)
 *(.classic_bb_code)
                0x000001ea                BTCTLER_CL_CODE_SIZE = ABSOLUTE ((. - BTCTLER_CL_CODE_START))
                0x01e1e3d8                . = ALIGN (0x4)
 *fill*         0x01e1e3d6        0x2 
 *(.classic_tws_const)
 *(.classic_tws_code)
 .classic_tws_code
                0x01e1e3d8        0x4 ..\..\..\..\cpu\bd19\tools\sdk.elf.o
 *(.classic_tws_code.esco)
                0x01e1e3dc                btctler_code_end = .
                0x01e1e3dc                . = ALIGN (0x4)
                0x01e1e3dc                update_code_start = .
 *(.bt_updata_ram_code)
 .bt_updata_ram_code
                0x01e1e3dc       0x88 ..\..\..\..\cpu\bd19\tools\sdk.elf.o
 *(.update_const)
 .update_const  0x01e1e464      0x16e ..\..\..\..\cpu\bd19\tools\sdk.elf.o
 *(.update_code)
 .update_code   0x01e1e5d2     0x1606 ..\..\..\..\cpu\bd19\tools\sdk.elf.o
                0x01e1fbd8                update_code_end = .
                0x01e1fbd8                . = ALIGN (0x4)
                0x01e1fbd8                driver_code_start = .
 *(.fm_code)
                0x01e1fbd8                CLOCK_CODE_START = .
 *(.clock_code)
 .clock_code    0x01e1fbd8      0x7c4 ..\..\..\..\cpu\bd19\tools\sdk.elf.o
 *(.clock_const)
                0x000007c4                CLOCK_CODE_SIZE = ABSOLUTE ((. - CLOCK_CODE_START))
 *(.debug_code)
 *(.debug_const)
 *(.power_code)
 *(.power_const)
 *(.uart_code)
 .uart_code     0x01e2039c      0xac8 ..\..\..\..\cpu\bd19\tools\sdk.elf.o
 *(.uart_const)
                0x01e20e64                driver_code_end = .
                0x01e20e64                . = ALIGN (0x4)
                0x00000000                . = ORIGIN (ram0)

.mmu_tlb        0x00000000      0x800
 *(.mmu_tlb_segment)
 .mmu_tlb_segment
                0x00000000      0x800 ..\..\..\..\cpu\bd19\tools\sdk.elf.o

.boot_info      0x00000800       0x40
 *(.boot_info)
 .boot_info     0x00000800       0x28 ..\..\..\..\cpu\bd19\tools\sdk.elf.o
                0x00000840                . = ALIGN (0x20)
 *fill*         0x00000828       0x18 

.data           0x00000840      0x860
 *(.data*)
 .data          0x00000840       0xf4 ..\..\..\..\cpu\bd19\tools\sdk.elf.o
                0x00000884                jiffies
 .data_magic    0x00000934       0x40 ..\..\..\..\cpu\bd19\tools\sdk.elf.o
                0x00000934                data_magic
                0x00000980                . = ALIGN (0x20)
 *fill*         0x00000974        0xc 
                0x00000980                btstack_data_start = .
 *(.bt_stack_data)
 .bt_stack_data
                0x00000980       0x58 ..\..\..\..\cpu\bd19\tools\sdk.elf.o
 *(.ble_db_data)
 *(.ble_sm_data)
 *(.ble_att_data)
 *(.ble_gatt_data)
                0x000009d8                BTSTACK_LE_HOST_MESH_DATA_START = .
                0x000009d8                . = ((. + 0x3) & 0xfffffffc)
                0x000009d8                _net_buf_pool_list = .
 *(._net_buf_pool.static.*)
 *(.ble_mesh_data)
 *(.ble_mesh_tinycrypt_data)
                0x00000000                BTSTACK_LE_HOST_MESH_DATA_SIZE = ABSOLUTE ((. - BTSTACK_LE_HOST_MESH_DATA_START))
                0x000009d8                _fmna_data_begin = .
 *(.fmna_stack_data)
 *(.fmna_plaform_data)
 *(.fmna_crypto_data)
                0x000009d8                _fmna_data_end = .
                0x00000000                btstack_fmna_data_size = (_fmna_data_end - _fmna_data_begin)
                0x000009d8                . = ALIGN (0x4)
                0x000009d8                btstack_data_end = .
                0x000009d8                . = ALIGN (0x4)
                0x000009d8                . = ALIGN (0x4)
                0x000009d8                system_data_start = .
                0x000009d8                _video_subdev_begin = .
                [!provide]                PROVIDE (video_subdev_begin, .)
 *(.video_subdev.0)
 *(.video_subdev.1)
 *(.video_subdev.2)
 *(.video_subdev.3)
 *(.video_subdev.4)
 *(.video_subdev.5)
                0x000009d8                _video_subdev_end = .
                [!provide]                PROVIDE (video_subdev_end, .)
                0x000009d8                _audio_subdev_begin = .
                [!provide]                PROVIDE (audio_subdev_begin, .)
 *(.audio_subdev.0)
 *(.audio_subdev.1)
 *(.audio_subdev.2)
 *(.audio_subdev.3)
                0x000009d8                _audio_subdev_end = .
                [!provide]                PROVIDE (audio_subdev_end, .)
                0x000009d8                _iic_device_begin = .
                [!provide]                PROVIDE (iic_device_begin, .)
 *(.iic)
                0x000009d8                _iic_device_end = .
                [!provide]                PROVIDE (iic_device_end, .)
                0x000009d8                _avin_spi_device_begin = .
                [!provide]                PROVIDE (avin_spi_device_begin, .)
 *(.sw_spi)
                0x000009d8                _avin_spi_device_end = .
                [!provide]                PROVIDE (avin_spi_device_end, .)
                0x000009d8                _video_dev_begin = .
                [!provide]                PROVIDE (video_dev_begin, .)
 *(.video_device)
                0x000009d8                _video_dev_end = .
                [!provide]                PROVIDE (video_dev_end, .)
                0x000009d8                _key_driver_ops_begin = .
                [!provide]                PROVIDE (key_driver_ops_begin, .)
 *(.key_driver_ops)
                0x000009d8                _key_driver_ops_end = .
                [!provide]                PROVIDE (key_driver_ops_end, .)
                0x000009d8                _touch_driver_begin = .
                [!provide]                PROVIDE (touch_driver_begin, .)
 *(.touch_driver)
                0x000009d8                _touch_driver_end = .
                [!provide]                PROVIDE (touch_driver_end, .)
                0x000009d8                _static_hi_timer_begin = .
                [!provide]                PROVIDE (static_hi_timer_begin, .)
 *(.hi_timer)
                0x000009d8                _static_hi_timer_end = .
                [!provide]                PROVIDE (static_hi_timer_end, .)
                0x000009d8                _sys_cpu_timer_begin = .
                0x000009d8                PROVIDE (sys_cpu_timer_begin, .)
 *(.sys_cpu_timer)
                0x000009d8                _sys_cpu_timer_end = .
                0x000009d8                PROVIDE (sys_cpu_timer_end, .)
                0x000009d8                _sys_config_begin = .
                [!provide]                PROVIDE (sys_config_begin, .)
 *(.sys_cfg)
                0x000009d8                _sys_config_end = .
                [!provide]                PROVIDE (sys_config_end, .)
                0x000009d8                _sys_fat_begin = .
                [!provide]                PROVIDE (sys_fat_begin, .)
 *(.fs_fat)
                0x000009d8                _sys_fat_end = .
                [!provide]                PROVIDE (sys_fat_end, .)
                0x000009d8                _app_begin = .
                0x000009d8                PROVIDE (app_begin, .)
 *(.app)
 .app           0x000009d8       0x20 ..\..\..\..\cpu\bd19\tools\sdk.elf.o
                0x000009f8                _app_end = .
                0x000009f8                PROVIDE (app_end, .)
                0x000009f8                _os_begin = .
                [!provide]                PROVIDE (os_begin, .)
 *(.os_str)
 *(.os_data)
                0x000009f8                _os_end = .
                [!provide]                PROVIDE (os_end, .)
 *(.crypto_ecdh_data)
 *(.crypto_data)
 *(.mem_data)
 *(.os_port_data)
 *(.uECC_data)
 *(.ECDH_sample_data)
                0x000009f8                __movable_slot_start = .
 *(movable.slot.*)
                0x000009f8                __movable_slot_end = .
                0x000009f8                system_data_end = .
                0x000009f8                . = ALIGN (0x4)
 *(.wav_data)
 *(.usbc_encoder_data)
 *(.usbc_decoder_data)
 *(.resample_fastcal_data)
 *(.wtgv2_data)
 *(.wtgv2dec_data)
 *(.opus_encoder_data)
 *(.opus_enc_data)
 *(.msbc_data)
 *(.msbc_codec_data)
                0x000009f8                . = ALIGN (0x4)
                0x000009f8                . = ALIGN (0x4)
                0x000009f8                btctler_data_start = .
                0x000009f8                BTCTLER_CONTROLLER_DATA_START = .
 *(.bt_rf_data)
 .bt_rf_data    0x000009f8      0x400 ..\..\..\..\cpu\bd19\tools\sdk.elf.o
 *(.vendor_manager_data)
 *(.device_manager_data)
 *(.hci_controller_data)
 .hci_controller_data
                0x00000df8       0xbe ..\..\..\..\cpu\bd19\tools\sdk.elf.o
 *(.hci_interface_data)
                0x000004be                BTCTLER_CONTROLLER_DATA_SIZE = ABSOLUTE ((. - BTCTLER_CONTROLLER_DATA_START))
                0x00000eb6                BTCTLER_LE_CONTROLLER_DATA_START = .
 *(.ble_ll_data)
 *fill*         0x00000eb6        0x2 
 .ble_ll_data   0x00000eb8       0x14 ..\..\..\..\cpu\bd19\tools\sdk.elf.o
 *(.ble_hci_data)
 .ble_hci_data  0x00000ecc       0xad ..\..\..\..\cpu\bd19\tools\sdk.elf.o
 *(.classic_hci_data)
 *(.ble_rf_data)
 *fill*         0x00000f79        0x3 
 .ble_rf_data   0x00000f7c       0x70 ..\..\..\..\cpu\bd19\tools\sdk.elf.o
                0x00000136                BTCTLER_LE_CONTROLLER_DATA_SIZE = ABSOLUTE ((. - BTCTLER_LE_CONTROLLER_DATA_START))
                0x00000fec                BTCTLER_CL_DATA_START = .
 *(.classic_lmp_data)
 .classic_lmp_data
                0x00000fec       0x10 ..\..\..\..\cpu\bd19\tools\sdk.elf.o
 *(.classic_lmp_auth_data)
 *(.classic_lmp_bigint_data)
 *(.classic_lmp_crypt_data)
 *(.classic_lmp_ecdh_data)
 *(.classic_lmp_linkbulk_data)
 *(.classic_lmp_hmac_data)
 *(.classic_rf_data)
 *(.classic_bb_data)
                0x00000010                BTCTLER_CL_DATA_SIZE = ABSOLUTE ((. - BTCTLER_CL_DATA_START))
                0x00000ffc                btctler_data_end = .
                0x00000ffc                . = ALIGN (0x4)
                0x00000ffc                update_data_start = .
                0x00000ffc                update_data_end = .
                0x00000ffc                . = ALIGN (0x4)
                0x00000ffc                driver_data_start = .
                0x00000ffc                CLOCK_DATA_START = .
 *(.clock_data)
 .clock_data    0x00000ffc       0x9c ..\..\..\..\cpu\bd19\tools\sdk.elf.o
                0x0000009c                CLOCK_DATA_SIZE = ABSOLUTE ((. - CLOCK_DATA_START))
 *(.debug_data)
 *(.power_data)
 *(.uart_data)
                0x00001098                driver_data_end = .
                0x000010a0                . = ALIGN (0x20)
 *fill*         0x00001098        0x8 

.irq_stack      0x000010a0      0x820
 *(.stack_magic)
 .stack_magic   0x000010a0       0x10 ..\..\..\..\cpu\bd19\tools\sdk.elf.o
                0x000010a0                stack_magic
                0x000010b0                _cpu0_sstack_begin = .
                [!provide]                PROVIDE (cpu0_sstack_begin, .)
 *(.stack)
 .stack         0x000010b0      0x800 ../../../../cpu/bd19/liba/cpu.a(startup.S.o)
                0x000018b0                _stack
                0x000018b0                _cpu0_sstack_end = .
                [!provide]                PROVIDE (cpu0_sstack_end, .)
                0x000018b0                _stack_end = .
 *(.stack_magic0)
 .stack_magic0  0x000018b0       0x10 ..\..\..\..\cpu\bd19\tools\sdk.elf.o
                0x000018b0                stack_magic0
                0x000018c0                . = ALIGN (0x4)

.bss            0x000018c0     0x1cdc
 *(.usb_audio_play_dma)
 *(.usb_audio_rec_dma)
 *(.uac_rx)
 *(.mass_storage)
 *(.usb_h_dma)
 *(.usb_ep0)
 *(.usb_msd_dma)
 *(.usb_hid_dma)
 *(.usb_iso_dma)
 *(.usb_cdc_dma)
 *(.uac_var)
 *(.usb_config_var)
 *(.cdc_var)
                0x000018c0                . = ALIGN (0x4)
 *(.wav_bss)
 *(.wtgv2_bss)
 *(.wtgv2dec_bss)
 *(.opus_encoder_bss)
 *(.opus_enc_bss)
 *(.resample_fastcal_bss)
 *(.msbc_bss)
 *(.msbc_codec_bss)
                0x000018c0                . = ALIGN (0x4)
                0x000018c0                btstack_bss_start = .
 *(.bt_stack_bss)
 .bt_stack_bss  0x000018c0      0x444 ..\..\..\..\cpu\bd19\tools\sdk.elf.o
 *(.ble_db_bss)
 *(.ble_sm_bss)
 .ble_sm_bss    0x00001d04        0x4 ..\..\..\..\cpu\bd19\tools\sdk.elf.o
 *(.ble_att_bss)
 .ble_att_bss   0x00001d08       0x40 ..\..\..\..\cpu\bd19\tools\sdk.elf.o
 *(.ble_gatt_bss)
 *(.btstack_pool)
                0x00001d48                BTSTACK_LE_HOST_MESH_BSS_START = .
 *(.ble_mesh_bss)
 *(.ble_mesh_tinycrypt_bss)
                0x00000000                BTSTACK_LE_HOST_MESH_BSS_SIZE = ABSOLUTE ((. - BTSTACK_LE_HOST_MESH_BSS_START))
                0x00001d48                . = ALIGN (0x4)
                0x00001d48                _fmna_bss_begin = .
 *(.fmna_stack_bss)
 *(.fmna_plaform_bss)
 *(.fmna_crypto_bss)
                0x00001d48                _fmna_bss_end = .
                0x00000000                btstack_fmna_bss_size = (_fmna_bss_end - _fmna_bss_begin)
                0x00001d48                . = ALIGN (0x4)
                0x00001d48                btstack_bss_end = .
                0x00001d48                . = ALIGN (0x4)
                0x00001d48                system_bss_start = .
                0x00001d48                . = ALIGN (0x4)
 *(.os_bss)
 *(.mem_heap)
 *(.memp_memory_x)
 *(.mem_bss)
 *(.os_port_bss)
 *(.uECC_bss)
 *(.ECDH_sample_bss)
                0x00001d48                system_bss_end = .
                0x00001d48                . = ALIGN (0x4)
 *(.bss)
 *fill*         0x00001d48        0x8 
 .bss           0x00001d50      0xd40 ..\..\..\..\cpu\bd19\tools\sdk.elf.o
                0x00002a90                . = ALIGN (0x4)
 *(.os_bss)
 *(.volatile_ram)
 *(.btstack_pool)
 *(.mem_heap)
 *(.memp_memory_x)
                0x00002aa0                . = ALIGN (0x20)
 *fill*         0x00002a90       0x10 
                0x00002aa0                btctler_bss_start = .
                0x00002aa0                BTCTLER_CONTROLLER_BSS_START = .
 *(.bd_base)
 .bd_base       0x00002aa0      0x15c ..\..\..\..\cpu\bd19\tools\sdk.elf.o
                0x00002aa0                bd_base
 *(.bredr_rxtx_bulk)
                0x00002bfc                acl_tx_pool = .
 *(.bredr_tx_bulk)
                0x00002bfc                acl_tx_pool_end = (acl_tx_pool + 0x0)
                0x00002bfc                . = acl_tx_pool_end
                0x00002bfc                acl_rx_pool = .
 *(.bredr_rx_bulk)
                0x00002bfc                acl_rx_pool_end = (acl_rx_pool + 0x0)
                0x00002bfc                . = acl_rx_pool_end
                0x00002bfc                tws_bulk_pool = .
                0x00002bfc                tws_bulk_pool_end = tws_bulk_pool
                0x00002bfc                . = tws_bulk_pool_end
 *(.bt_rf_bss)
 .bt_rf_bss     0x00002bfc       0x30 ..\..\..\..\cpu\bd19\tools\sdk.elf.o
 *(.hci_controller_bss)
 .hci_controller_bss
                0x00002c2c       0x3c ..\..\..\..\cpu\bd19\tools\sdk.elf.o
 *(.hci_interface_bss)
 *(.device_manager_bss)
 *(.vendor_manager_bss)
                0x000001c8                BTCTLER_CONTROLLER_BSS_SIZE = ABSOLUTE ((. - BTCTLER_CONTROLLER_BSS_START))
                0x00002c68                BTCTLER_LE_CONTROLLER_BSS_START = .
 *(.ble_hci_bss)
 .ble_hci_bss   0x00002c68       0x9c ..\..\..\..\cpu\bd19\tools\sdk.elf.o
 *(.ble_ll_bss)
 .ble_ll_bss    0x00002d04      0x2fb ..\..\..\..\cpu\bd19\tools\sdk.elf.o
 *(.ble_rf_bss)
 *fill*         0x00002fff        0x1 
 .ble_rf_bss    0x00003000        0x8 ..\..\..\..\cpu\bd19\tools\sdk.elf.o
                0x000003a0                BTCTLER_LE_CONTROLLER_BSS_SIZE = ABSOLUTE ((. - BTCTLER_LE_CONTROLLER_BSS_START))
                0x00003008                BTCTLER_CL_BSS_START = .
 *(.classic_rf_bss)
 .classic_rf_bss
                0x00003008       0xac ..\..\..\..\cpu\bd19\tools\sdk.elf.o
 *(.classic_lmp_bss)
 *(.classic_lmp_auth_bss)
 *(.classic_lmp_bigint_bss)
 *(.classic_lmp_crypt_bss)
 *(.classic_lmp_ecdh_bss)
 *(.classic_lmp_linkbulk_bss)
 *(.classic_lmp_hmac_bss)
 *(.classic_bb_bss)
 *(.classic_hci_bss)
                0x000000ac                BTCTLER_CL_BSS_SIZE = ABSOLUTE ((. - BTCTLER_CL_BSS_START))
                0x000030b4                btctler_bss_end = .
                0x000030b4                . = ALIGN (0x4)
                0x000030b4                update_bss_start = .
 *(.update_bss)
 .update_bss    0x000030b4      0x204 ..\..\..\..\cpu\bd19\tools\sdk.elf.o
                0x000032b8                update_bss_end = .
                0x000032b8                . = ALIGN (0x4)
                0x000032b8                driver_bss_start = .
                0x000032b8                CLOCK_BSS_START = .
 *(.clock_bss)
 .clock_bss     0x000032b8       0x56 ..\..\..\..\cpu\bd19\tools\sdk.elf.o
                0x00000056                CLOCK_BSS_SIZE = ABSOLUTE ((. - CLOCK_BSS_START))
 *(.debug_bss)
 *(.power_bss)
 *(.uart_bss)
 *fill*         0x0000330e        0x2 
 .uart_bss      0x00003310      0x288 ..\..\..\..\cpu\bd19\tools\sdk.elf.o
 *(.sd_var)
                0x00003598                driver_bss_end = .
                0x00003598                . = ALIGN (0x4)
 COMMON         0x00003598        0x4 ..\..\..\..\cpu\bd19\tools\sdk.elf.o
                0x00003598                CurrentTCB

.data_code      0x000035a0     0x1f48
                0x000035a0                data_code_pc_limit_begin = .
 *(.flushinv_icache)
 *(.cache)
 *(.os_critical_code)
 .os_critical_code
                0x000035a0      0x212 ..\..\..\..\cpu\bd19\tools\sdk.elf.o
                0x000035a0                jiffies_half_msec
                0x00003600                jiffies_msec
                0x0000363e                pcTaskName
                0x000036d2                pvPortSwitch
                0x00003710                uxTaskStack
                0x00003714                uxTaskStackDepth
                0x00003788                jiffies_msec2offset
                0x000037a2                jiffies_offset2msec
 .os_critical_code
                0x000037b2       0x4a ../../../../cpu/bd19/liba/system.a(port_asm_mmu.S.o)
                0x000037b2                vAppPortStartFirstTask
                0x000037e0                __tick_irq_handler
                0x000037e0                begin_of_data
 *(.volatile_ram_code)
 *fill*         0x000037fc        0x4 
 .volatile_ram_code
                0x00003800     0x1cc0 ..\..\..\..\cpu\bd19\tools\sdk.elf.o
                0x00003de8                update_norflash_write_protect
                0x00004016                read_flash_id
                0x00004188                norflash_erase
                0x00004268                flushinv_dcache_api
                0x00004668                spi_soft_writebyte
                0x00004830                spi_soft_readbyte
                0x00004862                ze_flash_cam_patch
                0x0000495c                check_flash_type
                0x000049de                check_ze_flash_id
                0x00004a64                flash_enter_2bit_mode_by_spi_soft
                0x00004b1a                flash_enter_4bit_mode_by_spi_soft
                0x00004bf6                flash_exit_2bit_mode_by_spi_soft
                0x00004c52                flash_exit_4bit_mode_by_spi_soft
                0x00004db4                norflash_get_uuid
 .volatile_ram_code
                0x000054c0       0x12 ../../../../cpu/bd19/liba/cpu.a(startup.S.o)
                0x000054c0                exception_irq_handler
 *(.chargebox_code)
 *(.os_code)
 *(.os_str)
 *(.fat_data_code)
                0x000054d4                . = ALIGN (0x4)
 *fill*         0x000054d2        0x2 
                0x000054d4                _SPI_CODE_START = .
 *(.spi_code)
                0x000054d4                . = ALIGN (0x4)
                0x000054d4                _SPI_CODE_END = .
                0x000054d4                . = ALIGN (0x4)
                0x000054d4                btctler_ram_code_start = .
 *(.lmp_irq_code)
 *(.link_bulk_code)
 *(.frame_irq_code)
                0x000054d4                . = ALIGN (0x4)
 *(.link_task_const)
 *(.link_task_code)
                0x000054d4                . = ALIGN (0x4)
 *(.classic_irq_const)
 *(.classic_irq_code)
                0x000054d4                . = ALIGN (0x4)
 *(.tws_irq_code)
                0x000054d4                . = ALIGN (0x4)
                0x000054d4                tws_sync_call_begin = .
 *(.tws_sync_call)
 .tws_sync_call
                0x000054d4        0xc ..\..\..\..\cpu\bd19\tools\sdk.elf.o
                0x000054e0                tws_sync_call_end = .
                0x000054e0                . = ALIGN (0x4)
                0x000054e0                tws_func_stub_begin = .
 *(.tws_func_stub)
 .tws_func_stub
                0x000054e0        0x8 ..\..\..\..\cpu\bd19\tools\sdk.elf.o
                0x000054e8                tws_func_stub_end = .
 *(.tws_media_sync_code)
 *(.tws_media_sync_const)
 *(.tws_data_forward_code)
 *(.tws_data_forward_const)
                0x000054e8                . = ALIGN (0x4)
                0x000054e8                tws_sync_channel_begin = .
 *(.tws_sync_channel.0)
 *(.tws_sync_channel.1)
 *(.tws_sync_channel.2)
 *(.tws_sync_channel.3)
 *(.tws_sync_channel.4)
 *(.tws_sync_channel.5)
 *(.tws_sync_channel.6)
 *(.tws_sync_channel.7)
 *(.tws_sync_channel.8)
 *(.tws_sync_channel.9)
 *(.tws_sync_channel.10)
 *(.tws_sync_channel.11)
 *(.tws_sync_channel.12)
 *(.tws_sync_channel.13)
                0x000054e8                tws_sync_channel_end = .
                0x000054e8                btctler_ram_code_end = .
                0x000054e8                . = ALIGN (0x4)

.nv_bss         0x00005500      0x344
                0x00005500                NVRAM_DATA_START = .
 *(.non_volatile_ram)
 .non_volatile_ram
                0x00005500      0x344 ..\..\..\..\cpu\bd19\tools\sdk.elf.o
                0x00000344                NVRAM_DATA_SIZE = ABSOLUTE ((. - NVRAM_DATA_START))
                0x00005844                . = ALIGN (0x4)
                0x00005844                NVRAM_END = .
                0x00005844                _nv_pre_begin = .
                0x00005844                __report_overlay_begin = .

.overlay_aec    0x00005844        0x0 load address 0x00200000
                0x00005844                . = ALIGN (0x4)
                0x00005844                aec_code_begin = .
 *(.text._*)
 *(.data._*)
 *(.aec_code)
 *(.aec_const)
 *(.res_code)
 *(.res_const)
 *(.ns_code)
 *(.ns_const)
 *(.fft_code)
 *(.fft_const)
 *(.nlp_code)
 *(.nlp_const)
 *(.der_code)
 *(.der_const)
 *(.qmf_code)
 *(.qmf_const)
 *(.aec_data)
 *(.res_data)
 *(.ns_data)
 *(.nlp_data)
 *(.der_data)
 *(.qmf_data)
 *(.fft_data)
 *(.dms_code)
 *(.dms_const)
 *(.dms_data)
                0x00005844                . = ALIGN (0x4)
 *(.aec_mux)
                0x00005844                . = ALIGN (0x4)
                0x00005844                aec_code_end = .
                0x00000000                aec_code_size = (aec_code_end - aec_code_begin)
                [!provide]                PROVIDE (__load_start_overlay_aec, LOADADDR (.overlay_aec))
                [!provide]                PROVIDE (__load_stop_overlay_aec, (LOADADDR (.overlay_aec) + SIZEOF (.overlay_aec)))

.overlay_aac    0x00005844        0x0 load address 0x00200000
                0x00005844                . = ALIGN (0x4)
                0x00005844                aac_dec_code_begin = .
 *(.bt_aac_dec_code)
 *(.bt_aac_dec_sparse_code)
                0x00005844                aac_dec_code_end = .
                0x00000000                aac_dec_code_size = (aac_dec_code_end - aac_dec_code_begin)
                0x00005844                . = ALIGN (0x4)
                0x00005844                bt_aac_dec_const_begin = .
 *(.bt_aac_dec_const)
 *(.bt_aac_dec_sparse_const)
                0x00005844                . = ALIGN (0x4)
                0x00005844                bt_aac_dec_const_end = .
                0x00000000                bt_aac_dec_const_size = (bt_aac_dec_const_end - bt_aac_dec_const_begin)
 *(.bt_aac_dec_data)
                0x00005844                . = ALIGN (0x4)
                [!provide]                PROVIDE (__load_start_overlay_aac, LOADADDR (.overlay_aac))
                [!provide]                PROVIDE (__load_stop_overlay_aac, (LOADADDR (.overlay_aac) + SIZEOF (.overlay_aac)))

.ram0_empty0    0x00005844        0x4
                0x00005848                . = (. + 0x4)
 *fill*         0x00005844        0x4 

.overlay_aec_ram
                0x00005848        0x0 load address 0x00210000
                0x00005848                . = ALIGN (0x4)
 *(.msbc_enc)
 *(.cvsd_codec)
 *(.aec_bss)
 *(.res_bss)
 *(.ns_bss)
 *(.nlp_bss)
 *(.der_bss)
 *(.qmf_bss)
 *(.fft_bss)
 *(.aec_mem)
 *(.dms_bss)
                [!provide]                PROVIDE (__load_start_overlay_aec_ram, LOADADDR (.overlay_aec_ram))
                [!provide]                PROVIDE (__load_stop_overlay_aec_ram, (LOADADDR (.overlay_aec_ram) + SIZEOF (.overlay_aec_ram)))

.overlay_aac_ram
                0x00005848        0x0 load address 0x00210000
                0x00005848                . = ALIGN (0x4)
 *(.bt_aac_dec_bss)
                0x00005848                . = ALIGN (0x4)
 *(.aac_mem)
 *(.aac_ctrl_mem)
                [!provide]                PROVIDE (__load_start_overlay_aac_ram, LOADADDR (.overlay_aac_ram))
                [!provide]                PROVIDE (__load_stop_overlay_aac_ram, (LOADADDR (.overlay_aac_ram) + SIZEOF (.overlay_aac_ram)))

.overlay_mp3    0x00005848        0x0 load address 0x00210000
 *(.mp3_mem)
 *(.mp3_ctrl_mem)
 *(.mp3pick_mem)
 *(.mp3pick_ctrl_mem)
 *(.dec2tws_mem)
                [!provide]                PROVIDE (__load_start_overlay_mp3, LOADADDR (.overlay_mp3))
                [!provide]                PROVIDE (__load_stop_overlay_mp3, (LOADADDR (.overlay_mp3) + SIZEOF (.overlay_mp3)))

.overlay_wma    0x00005848        0x0 load address 0x00210000
 *(.wma_mem)
 *(.wma_ctrl_mem)
 *(.wmapick_mem)
 *(.wmapick_ctrl_mem)
                [!provide]                PROVIDE (__load_start_overlay_wma, LOADADDR (.overlay_wma))
                [!provide]                PROVIDE (__load_stop_overlay_wma, (LOADADDR (.overlay_wma) + SIZEOF (.overlay_wma)))

.overlay_ape    0x00005848        0x0 load address 0x00210000
 *(.ape_mem)
 *(.ape_ctrl_mem)
                [!provide]                PROVIDE (__load_start_overlay_ape, LOADADDR (.overlay_ape))
                [!provide]                PROVIDE (__load_stop_overlay_ape, (LOADADDR (.overlay_ape) + SIZEOF (.overlay_ape)))

.overlay_flac   0x00005848        0x0 load address 0x00210000
 *(.flac_mem)
 *(.flac_ctrl_mem)
                [!provide]                PROVIDE (__load_start_overlay_flac, LOADADDR (.overlay_flac))
                [!provide]                PROVIDE (__load_stop_overlay_flac, (LOADADDR (.overlay_flac) + SIZEOF (.overlay_flac)))

.overlay_m4a    0x00005848        0x0 load address 0x00210000
 *(.m4a_mem)
 *(.m4a_ctrl_mem)
                [!provide]                PROVIDE (__load_start_overlay_m4a, LOADADDR (.overlay_m4a))
                [!provide]                PROVIDE (__load_stop_overlay_m4a, (LOADADDR (.overlay_m4a) + SIZEOF (.overlay_m4a)))

.overlay_amr    0x00005848        0x0 load address 0x00210000
 *(.amr_mem)
 *(.amr_ctrl_mem)
                [!provide]                PROVIDE (__load_start_overlay_amr, LOADADDR (.overlay_amr))
                [!provide]                PROVIDE (__load_stop_overlay_amr, (LOADADDR (.overlay_amr) + SIZEOF (.overlay_amr)))

.overlay_dts    0x00005848        0x0 load address 0x00210000
 *(.dts_mem)
 *(.dts_ctrl_mem)
                [!provide]                PROVIDE (__load_start_overlay_dts, LOADADDR (.overlay_dts))
                [!provide]                PROVIDE (__load_stop_overlay_dts, (LOADADDR (.overlay_dts) + SIZEOF (.overlay_dts)))

.overlay_fm     0x00005848        0x0 load address 0x00210000
 *(.fm_mem)
                [!provide]                PROVIDE (__load_start_overlay_fm, LOADADDR (.overlay_fm))
                [!provide]                PROVIDE (__load_stop_overlay_fm, (LOADADDR (.overlay_fm) + SIZEOF (.overlay_fm)))

.overlay_pc     0x00005848        0x0 load address 0x00210000
                [!provide]                PROVIDE (__load_start_overlay_pc, LOADADDR (.overlay_pc))
                [!provide]                PROVIDE (__load_stop_overlay_pc, (LOADADDR (.overlay_pc) + SIZEOF (.overlay_pc)))
                0x0000bb00                NVRAM_LIMIT = 0xbb00
                0x0000bb00                _nv_pre_end = 0xbb00
                0x00000001                ASSERT ((NVRAM_END <= NVRAM_LIMIT), NVRAM space overflow!)
                0x00005848                data_code_pc_limit_end = .
                0x00005848                __report_overlay_end = .
                0x00005848                _HEAP_BEGIN = .
                0x0000fb60                _HEAP_END = RAM0_END
                0x000004d6                BTCTLER_LE_RAM_TOTAL = (BTCTLER_LE_CONTROLLER_DATA_SIZE + BTCTLER_LE_CONTROLLER_BSS_SIZE)
                0x000056a6                BTCTLER_LE_CODE_TOTAL = BTCTLER_LE_CONTROLLER_CODE_SIZE
                0x000000bc                BTCTLER_CL_RAM_TOTAL = (BTCTLER_CL_DATA_SIZE + BTCTLER_CL_BSS_SIZE)
                0x000001ea                BTCTLER_CL_CODE_TOTAL = BTCTLER_CL_CODE_SIZE
                0x00000686                BTCTLER_COMMON_RAM_TOTAL = (BTCTLER_CONTROLLER_BSS_SIZE + BTCTLER_CONTROLLER_DATA_SIZE)
                0x00002b86                BTCTLER_COMMON_CODE_TOTAL = BTCTLER_CONTROLLER_CODE_SIZE
                0x00000c18                BTCTLER_RAM_TOTAL = ((btctler_data_end - btctler_data_start) + (btctler_bss_end - btctler_bss_start))
                0x00008430                BTCTLER_CODE_TOTAL = ((btctler_code_end - btctler_code_start) + (btctler_ram_code_end - btctler_ram_code_start))
                0x000017fc                UPDATE_CODE_TOTAL_SIZE = (update_code_end - update_code_start)
                0x0000037c                DRIVER_RAM_TOTAL = ((driver_data_end - driver_data_start) + (driver_bss_end - driver_bss_start))
                0x0000128c                DRIVER_CODE_TOTAL = (driver_code_end - driver_code_start)
                0x01e00120                text_begin = ADDR (.text)
                0x00020d44                text_size = SIZEOF (.text)
                0x01e20e64                text_end = (text_begin + text_size)
                0x00000001                ASSERT (((text_size % 0x4) == 0x0), !!! text_size Not Align 4 Bytes !!!)
                0x000018c0                bss_begin = ADDR (.bss)
                0x00001cdc                bss_size = SIZEOF (.bss)
                0x0000359c                bss_end = (bss_begin + bss_size)
                0x00000001                ASSERT (((bss_size % 0x4) == 0x0), !!! bss_size Not Align 4 Bytes !!!)
                0x00005500                nvbss_begin = NVRAM_DATA_START
                0x00006600                nvbss_size = (NVRAM_LIMIT - nvbss_begin)
                0x00000001                ASSERT (((nvbss_size % 0x4) == 0x0), !!! nvbss_size Not Align 4 Bytes !!!)
                0x00000840                data_addr = ADDR (.data)
                0x01e20e64                data_begin = (text_begin + text_size)
                0x00000860                data_size = SIZEOF (.data)
                0x00000001                ASSERT (((data_size % 0x4) == 0x0), !!! data_size Not Align 4 Bytes !!!)
                0x000035a0                data_code_addr = ADDR (.data_code)
                0x01e216c4                data_code_begin = (data_begin + data_size)
                0x00001f48                data_code_size = SIZEOF (.data_code)
                0x00000001                ASSERT (((data_code_size % 0x4) == 0x0), !!! data_code_size Not Align 4 Bytes !!!)
                0x00005844                aec_addr = ADDR (.overlay_aec)
                0x01e2360c                aec_begin = (data_code_begin + data_code_size)
                0x00000000                aec_size = SIZEOF (.overlay_aec)
                0x00005844                aac_addr = ADDR (.overlay_aac)
                0x01e2360c                aac_begin = (aec_begin + aec_size)
                0x00000000                aac_size = SIZEOF (.overlay_aac)
                0x01e2360c                bank_code_load_addr = (aac_begin + aac_size)
                0x00005848                PROVIDE (HEAP_BEGIN, _HEAP_BEGIN)
                0x0000fb60                PROVIDE (HEAP_END, _HEAP_END)
                0x0000a318                _MALLOC_SIZE = (_HEAP_END - _HEAP_BEGIN)
                [!provide]                PROVIDE (MALLOC_SIZE, (_HEAP_END - _HEAP_BEGIN))
                0x01e00120                report_text_beign = ADDR (.text)
                0x00020d44                report_text_size = SIZEOF (.text)
                0x01e20e64                report_text_end = (report_text_beign + report_text_size)
                0x00000000                report_mmu_tlb_begin = ADDR (.mmu_tlb)
                0x00000800                report_mmu_tlb_size = SIZEOF (.mmu_tlb)
                0x00000800                report_mmu_tlb_end = (report_mmu_tlb_begin + report_mmu_tlb_size)
                0x00000800                report_boot_info_begin = ADDR (.boot_info)
                0x00000040                report_boot_info_size = SIZEOF (.boot_info)
                0x00000840                report_boot_info_end = (report_boot_info_begin + report_boot_info_size)
                0x000010a0                report_irq_stack_begin = ADDR (.irq_stack)
                0x00000820                report_irq_stack_size = SIZEOF (.irq_stack)
                0x000018c0                report_irq_stack_end = (report_irq_stack_begin + report_irq_stack_size)
                0x00000840                report_data_begin = ADDR (.data)
                0x00000860                report_data_size = SIZEOF (.data)
                0x000010a0                report_data_end = (report_data_begin + report_data_size)
                0x000018c0                report_bss_begin = ADDR (.bss)
                0x00001cdc                report_bss_size = SIZEOF (.bss)
                0x0000359c                report_bss_end = (report_bss_begin + report_bss_size)
                0x000035a0                report_data_code_begin = ADDR (.data_code)
                0x00001f48                report_data_code_size = SIZEOF (.data_code)
                0x000054e8                report_data_code_end = (report_data_code_begin + report_data_code_size)
                0x00005844                report_overlay_begin = __report_overlay_begin
                0x00000004                report_overlay_size = (__report_overlay_end - __report_overlay_begin)
                0x00005848                report_overlay_end = __report_overlay_end
                0x00005848                report_heap_beign = _HEAP_BEGIN
                0x0000a318                report_heap_size = (_HEAP_END - _HEAP_BEGIN)
                0x0000fb60                report_heap_end = _HEAP_END
                0x0000fb60                BD19_PHY_RAM_SIZE = PHY_RAM_SIZE
                0x0000f800                BD19_SDK_RAM_SIZE = (((((((report_mmu_tlb_size + report_boot_info_size) + report_irq_stack_size) + report_data_size) + report_bss_size) + report_overlay_size) + report_data_code_size) + report_heap_size)
LOAD C:\JL\pi32\q32s-lib\libm.a
LOAD C:\JL\pi32\q32s-lib\libc.a
LOAD C:\JL\pi32\q32s-lib\libm.a
LOAD C:\JL\pi32\q32s-lib\libcompiler-rt.a
OUTPUT(..\..\..\..\cpu\bd19\tools\sdk.elf elf32-q32s)

.debug_str      0x00000000    0x37f88
 .debug_str     0x00000000    0x37f88 ..\..\..\..\cpu\bd19\tools\sdk.elf.o
                              0x3b657 (size before relaxing)

.debug_loc      0x00000000    0x1531f
 .debug_loc     0x00000000    0x1531f ..\..\..\..\cpu\bd19\tools\sdk.elf.o

.debug_abbrev   0x00000000      0xfc7
 .debug_abbrev  0x00000000      0xf79 ..\..\..\..\cpu\bd19\tools\sdk.elf.o
 .debug_abbrev  0x00000f79       0x26 ../../../../cpu/bd19/liba/cpu.a(startup.S.o)
 .debug_abbrev  0x00000f9f       0x28 ../../../../cpu/bd19/liba/system.a(port_asm_mmu.S.o)

.debug_info     0x00000000    0x8e307
 .debug_info    0x00000000    0x8e05d ..\..\..\..\cpu\bd19\tools\sdk.elf.o
 .debug_info    0x0008e05d      0x15d ../../../../cpu/bd19/liba/cpu.a(startup.S.o)
 .debug_info    0x0008e1ba      0x14d ../../../../cpu/bd19/liba/system.a(port_asm_mmu.S.o)

.debug_ranges   0x00000000     0x3308
 .debug_ranges  0x00000000     0x32e0 ..\..\..\..\cpu\bd19\tools\sdk.elf.o
 .debug_ranges  0x000032e0       0x28 ../../../../cpu/bd19/liba/cpu.a(startup.S.o)

.debug_macinfo  0x00000000        0x1
 .debug_macinfo
                0x00000000        0x1 ..\..\..\..\cpu\bd19\tools\sdk.elf.o

.debug_pubnames
                0x00000000    0x182f2
 .debug_pubnames
                0x00000000    0x182f2 ..\..\..\..\cpu\bd19\tools\sdk.elf.o

.debug_pubtypes
                0x00000000     0xfdd2
 .debug_pubtypes
                0x00000000     0xfdd2 ..\..\..\..\cpu\bd19\tools\sdk.elf.o

.debug_frame    0x00000000     0x6708
 .debug_frame   0x00000000     0x6708 ..\..\..\..\cpu\bd19\tools\sdk.elf.o

.debug_line     0x00000000    0x337f8
 .debug_line    0x00000000    0x335d9 ..\..\..\..\cpu\bd19\tools\sdk.elf.o
 .debug_line    0x000335d9      0x104 ../../../../cpu/bd19/liba/cpu.a(startup.S.o)
 .debug_line    0x000336dd       0xc3 ../../../../cpu/bd19/liba/system.a(port_asm_mmu.S.o)
 .debug_line    0x000337a0       0x2c ../../../../cpu/bd19/liba/btctrler.a(version.z.o)
 .debug_line    0x000337cc       0x2c ../../../../cpu/bd19/liba/update.a(version.z.o)

.debug_aranges  0x00000000       0x48
 .debug_aranges
                0x00000000       0x28 ../../../../cpu/bd19/liba/cpu.a(startup.S.o)
 .debug_aranges
                0x00000028       0x20 ../../../../cpu/bd19/liba/system.a(port_asm_mmu.S.o)
